PS D:\Training\Practice\nodeJs\nodeJs\practice-project> npm init -y
npm : File C:\Program Files\nodejs\npm.ps1 cannot be loaded because running scripts is disabled on this system. For more information, see 
about_Execution_Policies at https:/go.microsoft.com/fwlink/?LinkID=135170.
At line:1 char:1
+ npm init -y
+ ~~~
    + CategoryInfo          : SecurityError: (:) [], PSSecurityException
    + FullyQualifiedErrorId : UnauthorizedAccess



PS D:\Training\Practice\nodeJs\nodeJs\practice-project> Get-ExecutionPolicy -List

        Scope ExecutionPolicy
        Scope ExecutionPolicy
        Scope ExecutionPolicy
        Scope ExecutionPolicy
        ----- ---------------
MachinePolicy       Undefined
   UserPolicy       Undefined
      Process       Undefined
  CurrentUser       Undefined
 LocalMachine       Undefined
 

 
PS D:\Training\Practice\nodeJs\nodeJs\practice-project> Set-ExecutionPolicy -ExecutionPolicy RemoteSigned -Scope CurrentUser



PS D:\Training\Practice\nodeJs\nodeJs\practice-project> npm init -y
Wrote to D:\Training\Practice\nodeJs\nodeJs\practice-project\package.json:

{
  "name": "practice-project",
  "version": "1.0.0",
  "main": "index.js",
  "scripts": {
    "test": "echo \"Error: no test specified\" && exit 1"
  },
  "keywords": [],
  "author": "",
  "license": "ISC",
  "description": ""
}



PS D:\Training\Practice\nodeJs\nodeJs\practice-project> npm install express

added 68 packages, and audited 69 packages in 3s

16 packages are looking for funding
  run `npm fund` for details

found 0 vulnerabilities



Provided below code in index.js
===============================
const app = require('express')();
const PORT = 8090;

app.listen(
    PORT,
    () => console.log(`it's alive on http://localhost:${PORT}`)
)
===============================



PS D:\Training\Practice\nodeJs\nodeJs\practice-project> node .
it's alive on http://localhost:8090



Paste "http://localhost:8090" in browser and we get message as below
Cannot GET /